src/components/features/HyperLecturer.tsx(4,24): error TS2307: Cannot find module '@remotion/player' or its corresponding type declarations.
src/components/features/NeuronalMindMap.tsx(35,22): error TS2554: Expected 1 arguments, but got 0.
src/components/features/NeuronalMindMap.tsx(127,21): error TS2769: No overload matches this call.
  Overload 1 of 2, '(props: ForceGraphProps<{ [others: string]: any; id?: string | number | undefined; x?: number | undefined; y?: number | undefined; z?: number | undefined; vx?: number | undefined; vy?: number | undefined; vz?: number | undefined; fx?: number | undefined; fy?: number | undefined; fz?: number | undefined; }, { ...; }> & { ...; }, context?: any): string | ... 8 more ... | undefined', gave the following error.
    Type '(node: any) => null' is not assignable to type 'NodeAccessor<{ [others: string]: any; id?: string | number | undefined; x?: number | undefined; y?: number | undefined; z?: number | undefined; vx?: number | undefined; vy?: number | undefined; vz?: number | undefined; fx?: number | undefined; fy?: number | undefined; fz?: number | undefined; }, Object3D<...>> | und...'.
      Type '(node: any) => null' is not assignable to type '(obj: { [others: string]: any; id?: string | number | undefined; x?: number | undefined; y?: number | undefined; z?: number | undefined; vx?: number | undefined; vy?: number | undefined; vz?: number | undefined; fx?: number | undefined; fy?: number | undefined; fz?: number | undefined; }) => Object3D<...>'.
        Type 'null' is not assignable to type 'Object3D<Object3DEventMap>'.
  Overload 2 of 2, '(props: ForceGraphProps<{ [others: string]: any; id?: string | number | undefined; x?: number | undefined; y?: number | undefined; z?: number | undefined; vx?: number | undefined; vy?: number | undefined; vz?: number | undefined; fx?: number | undefined; fy?: number | undefined; fz?: number | undefined; }, { ...; }> & { ...; }): string | ... 8 more ... | undefined', gave the following error.
    Type '(node: any) => null' is not assignable to type 'NodeAccessor<{ [others: string]: any; id?: string | number | undefined; x?: number | undefined; y?: number | undefined; z?: number | undefined; vx?: number | undefined; vy?: number | undefined; vz?: number | undefined; fx?: number | undefined; fy?: number | undefined; fz?: number | undefined; }, Object3D<...>> | und...'.
      Type '(node: any) => null' is not assignable to type '(obj: { [others: string]: any; id?: string | number | undefined; x?: number | undefined; y?: number | undefined; z?: number | undefined; vx?: number | undefined; vy?: number | undefined; vz?: number | undefined; fx?: number | undefined; fy?: number | undefined; fz?: number | undefined; }) => Object3D<...>'.
        Type 'null' is not assignable to type 'Object3D<Object3DEventMap>'.
src/components/remotion/HyperVideo.tsx(4,112): error TS2307: Cannot find module 'remotion' or its corresponding type declarations.
